// Jest Snapshot v1, https://goo.gl/fbAQLP

exports[`Hotels Sanpshot test Error Message 1`] = `
<body>
  <div>
    <div>
      <h5
        class="MuiTypography-root makeStyles-container-1 MuiTypography-h5"
        id="errorMessage"
      >
        test message
      </h5>
    </div>
  </div>
</body>
`;

exports[`Hotels Sanpshot test Loading Spinner 1`] = `
<body>
  <div>
    <div
      class="makeStyles-container-2"
    >
      <div
        class="MuiCircularProgress-root MuiCircularProgress-colorPrimary MuiCircularProgress-indeterminate"
        role="progressbar"
        style="width: 40px; height: 40px;"
      >
        <svg
          class="MuiCircularProgress-svg"
          viewBox="22 22 44 44"
        >
          <circle
            class="MuiCircularProgress-circle MuiCircularProgress-circleIndeterminate"
            cx="44"
            cy="44"
            fill="none"
            r="20.2"
            stroke-width="3.6"
          />
        </svg>
      </div>
    </div>
  </div>
</body>
`;

exports[`Hotels Sanpshot test Profile Page without mock 1`] = `
<body>
  <div>
    <div
      class="makeStyles-container-3"
    >
      <h3
        class="MuiTypography-root MuiTypography-h3"
      >
        Welcome to your Profile!!!
      </h3>
      <h5
        class="MuiTypography-root MuiTypography-h5"
        id="displayName"
      />
      <h5
        class="MuiTypography-root MuiTypography-h5"
        id="email"
      />
      <h5
        class="MuiTypography-root MuiTypography-h5"
        id="uid"
      />
      <div
        class="makeStyles-container-4"
      >
        <button
          class="MuiButtonBase-root MuiFab-root makeStyles-button-5 MuiFab-sizeSmall MuiFab-extended MuiFab-primary"
          data-testid="primary"
          id="primary"
          tabindex="0"
          type="submit"
        >
          <span
            class="MuiFab-label"
          >
            Sign out
          </span>
          <span
            class="MuiTouchRipple-root"
          />
        </button>
        <button
          class="MuiButtonBase-root MuiFab-root makeStyles-button-5 MuiFab-sizeSmall MuiFab-extended MuiFab-secondary"
          data-testid="secondary"
          id="secondary"
          tabindex="0"
          type="button"
        >
          <span
            class="MuiFab-label"
          >
            Home
          </span>
          <span
            class="MuiTouchRipple-root"
          />
        </button>
        <button
          class="MuiButtonBase-root MuiFab-root MuiFab-sizeSmall MuiFab-extended"
          data-testid="tertiary"
          id="tertiary"
          tabindex="0"
          type="button"
        >
          <span
            class="MuiFab-label"
          >
            Back
          </span>
          <span
            class="MuiTouchRipple-root"
          />
        </button>
      </div>
    </div>
  </div>
</body>
`;
